# Redirect rules (301 Permanent)
# Format: source destination

/ /fr/;

# Deleted guides → home page
/en/guides/account-and-service-management/account-information/ssh-key-creation/ /en/;
/fr/guides/account-and-service-management/account-information/ssh-key-creation/ /fr/;
/de/guides/account-and-service-management/account-information/ssh-key-creation/ /de/;
/es/guides/account-and-service-management/account-information/ssh-key-creation/ /es/;
/it/guides/account-and-service-management/account-information/ssh-key-creation/ /it/;
/pl/guides/account-and-service-management/account-information/ssh-key-creation/ /pl/;
/pt/guides/account-and-service-management/account-information/ssh-key-creation/ /pt/;

# vRack guides (vrack-apiv6, getting-started-creating-vrack-with-openstack)
# consolidated into the vrack guide.
/en/guides/public-cloud/network-services/vrack-apiv6 /en/guides/public-cloud/network-services/vrack;
/fr/guides/public-cloud/network-services/vrack-apiv6 /fr/guides/public-cloud/network-services/vrack;
/de/guides/public-cloud/network-services/vrack-apiv6 /de/guides/public-cloud/network-services/vrack;
/es/guides/public-cloud/network-services/vrack-apiv6 /es/guides/public-cloud/network-services/vrack;
/it/guides/public-cloud/network-services/vrack-apiv6 /it/guides/public-cloud/network-services/vrack;
/pl/guides/public-cloud/network-services/vrack-apiv6 /pl/guides/public-cloud/network-services/vrack;
/pt/guides/public-cloud/network-services/vrack-apiv6 /pt/guides/public-cloud/network-services/vrack;
/en/guides/public-cloud/network-services/getting-started-creating-vrack-with-openstack /en/guides/public-cloud/network-services/vrack;
/fr/guides/public-cloud/network-services/getting-started-creating-vrack-with-openstack /fr/guides/public-cloud/network-services/vrack;
/de/guides/public-cloud/network-services/getting-started-creating-vrack-with-openstack /de/guides/public-cloud/network-services/vrack;
/es/guides/public-cloud/network-services/getting-started-creating-vrack-with-openstack /es/guides/public-cloud/network-services/vrack;
/it/guides/public-cloud/network-services/getting-started-creating-vrack-with-openstack /it/guides/public-cloud/network-services/vrack;
/pl/guides/public-cloud/network-services/getting-started-creating-vrack-with-openstack /pl/guides/public-cloud/network-services/vrack;
/pt/guides/public-cloud/network-services/getting-started-creating-vrack-with-openstack /pt/guides/public-cloud/network-services/vrack;




