# Redirect rules (301 Permanent)
# Format: source destination

/ /fr;

# Deleted guides → home page
/en/guides/account-and-service-management/account-information/ssh-key-creation /en;
/fr/guides/account-and-service-management/account-information/ssh-key-creation /fr;
/de/guides/account-and-service-management/account-information/ssh-key-creation /de;
/es/guides/account-and-service-management/account-information/ssh-key-creation /es;
/it/guides/account-and-service-management/account-information/ssh-key-creation /it;
/pl/guides/account-and-service-management/account-information/ssh-key-creation /pl;
/pt/guides/account-and-service-management/account-information/ssh-key-creation /pt;

# VoIP validation procedure guide (FR-only) → home page
/fr/guides/web-cloud/phone-and-fax/voip/la-procedure-de-validation-voip /fr;

# Internal SEO report mistakenly published as a page (FR-only) → home page
/fr/slug-seo-report /fr;

# vRack guides (vrack-apiv6, getting-started-creating-vrack-with-openstack)
# consolidated into the vrack guide.
/en/guides/public-cloud/network-services/vrack-apiv6 /en/guides/public-cloud/network-services/vrack;
/fr/guides/public-cloud/network-services/vrack-apiv6 /fr/guides/public-cloud/network-services/vrack;
/de/guides/public-cloud/network-services/vrack-apiv6 /de/guides/public-cloud/network-services/vrack;
/es/guides/public-cloud/network-services/vrack-apiv6 /es/guides/public-cloud/network-services/vrack;
/it/guides/public-cloud/network-services/vrack-apiv6 /it/guides/public-cloud/network-services/vrack;
/pl/guides/public-cloud/network-services/vrack-apiv6 /pl/guides/public-cloud/network-services/vrack;
/pt/guides/public-cloud/network-services/vrack-apiv6 /pt/guides/public-cloud/network-services/vrack;
/en/guides/public-cloud/network-services/getting-started-creating-vrack-with-openstack /en/guides/public-cloud/network-services/vrack;
/fr/guides/public-cloud/network-services/getting-started-creating-vrack-with-openstack /fr/guides/public-cloud/network-services/vrack;
/de/guides/public-cloud/network-services/getting-started-creating-vrack-with-openstack /de/guides/public-cloud/network-services/vrack;
/es/guides/public-cloud/network-services/getting-started-creating-vrack-with-openstack /es/guides/public-cloud/network-services/vrack;
/it/guides/public-cloud/network-services/getting-started-creating-vrack-with-openstack /it/guides/public-cloud/network-services/vrack;
/pl/guides/public-cloud/network-services/getting-started-creating-vrack-with-openstack /pl/guides/public-cloud/network-services/vrack;
/pt/guides/public-cloud/network-services/getting-started-creating-vrack-with-openstack /pt/guides/public-cloud/network-services/vrack;

# OVHcloud Connect revamp (sa-occ-revamp): renamed guides
/en/guides/network/ovhcloud-connect/api /en/guides/network/ovhcloud-connect/automation;
/fr/guides/network/ovhcloud-connect/api /fr/guides/network/ovhcloud-connect/automation;
/de/guides/network/ovhcloud-connect/api /de/guides/network/ovhcloud-connect/automation;
/es/guides/network/ovhcloud-connect/api /es/guides/network/ovhcloud-connect/automation;
/it/guides/network/ovhcloud-connect/api /it/guides/network/ovhcloud-connect/automation;
/pl/guides/network/ovhcloud-connect/api /pl/guides/network/ovhcloud-connect/automation;
/pt/guides/network/ovhcloud-connect/api /pt/guides/network/ovhcloud-connect/automation;
/en/guides/network/ovhcloud-connect/logs-to-customers /en/guides/network/ovhcloud-connect/logs-forwarding;
/fr/guides/network/ovhcloud-connect/logs-to-customers /fr/guides/network/ovhcloud-connect/logs-forwarding;
/de/guides/network/ovhcloud-connect/logs-to-customers /de/guides/network/ovhcloud-connect/logs-forwarding;
/es/guides/network/ovhcloud-connect/logs-to-customers /es/guides/network/ovhcloud-connect/logs-forwarding;
/it/guides/network/ovhcloud-connect/logs-to-customers /it/guides/network/ovhcloud-connect/logs-forwarding;
/pl/guides/network/ovhcloud-connect/logs-to-customers /pl/guides/network/ovhcloud-connect/logs-forwarding;
/pt/guides/network/ovhcloud-connect/logs-to-customers /pt/guides/network/ovhcloud-connect/logs-forwarding;
/en/guides/network/ovhcloud-connect/occ-diagnostics /en/guides/network/ovhcloud-connect/monitor;
/fr/guides/network/ovhcloud-connect/occ-diagnostics /fr/guides/network/ovhcloud-connect/monitor;
/de/guides/network/ovhcloud-connect/occ-diagnostics /de/guides/network/ovhcloud-connect/monitor;
/es/guides/network/ovhcloud-connect/occ-diagnostics /es/guides/network/ovhcloud-connect/monitor;
/it/guides/network/ovhcloud-connect/occ-diagnostics /it/guides/network/ovhcloud-connect/monitor;
/pl/guides/network/ovhcloud-connect/occ-diagnostics /pl/guides/network/ovhcloud-connect/monitor;
/pt/guides/network/ovhcloud-connect/occ-diagnostics /pt/guides/network/ovhcloud-connect/monitor;
/en/guides/network/ovhcloud-connect/occ-direct-control-panel /en/guides/network/ovhcloud-connect/occ-direct-control-panel-setup;
/fr/guides/network/ovhcloud-connect/occ-direct-control-panel /fr/guides/network/ovhcloud-connect/occ-direct-control-panel-setup;
/de/guides/network/ovhcloud-connect/occ-direct-control-panel /de/guides/network/ovhcloud-connect/occ-direct-control-panel-setup;
/es/guides/network/ovhcloud-connect/occ-direct-control-panel /es/guides/network/ovhcloud-connect/occ-direct-control-panel-setup;
/it/guides/network/ovhcloud-connect/occ-direct-control-panel /it/guides/network/ovhcloud-connect/occ-direct-control-panel-setup;
/pl/guides/network/ovhcloud-connect/occ-direct-control-panel /pl/guides/network/ovhcloud-connect/occ-direct-control-panel-setup;
/pt/guides/network/ovhcloud-connect/occ-direct-control-panel /pt/guides/network/ovhcloud-connect/occ-direct-control-panel-setup;
/en/guides/network/ovhcloud-connect/occ-provider-control-panel /en/guides/network/ovhcloud-connect/occ-provider-control-panel-setup;
/fr/guides/network/ovhcloud-connect/occ-provider-control-panel /fr/guides/network/ovhcloud-connect/occ-provider-control-panel-setup;
/de/guides/network/ovhcloud-connect/occ-provider-control-panel /de/guides/network/ovhcloud-connect/occ-provider-control-panel-setup;
/es/guides/network/ovhcloud-connect/occ-provider-control-panel /es/guides/network/ovhcloud-connect/occ-provider-control-panel-setup;
/it/guides/network/ovhcloud-connect/occ-provider-control-panel /it/guides/network/ovhcloud-connect/occ-provider-control-panel-setup;
/pl/guides/network/ovhcloud-connect/occ-provider-control-panel /pl/guides/network/ovhcloud-connect/occ-provider-control-panel-setup;
/pt/guides/network/ovhcloud-connect/occ-provider-control-panel /pt/guides/network/ovhcloud-connect/occ-provider-control-panel-setup;
/en/guides/network/ovhcloud-connect/occ-limits /en/guides/network/ovhcloud-connect/limits;
/fr/guides/network/ovhcloud-connect/occ-limits /fr/guides/network/ovhcloud-connect/limits;
/de/guides/network/ovhcloud-connect/occ-limits /de/guides/network/ovhcloud-connect/limits;
/es/guides/network/ovhcloud-connect/occ-limits /es/guides/network/ovhcloud-connect/limits;
/it/guides/network/ovhcloud-connect/occ-limits /it/guides/network/ovhcloud-connect/limits;
/pl/guides/network/ovhcloud-connect/occ-limits /pl/guides/network/ovhcloud-connect/limits;
/pt/guides/network/ovhcloud-connect/occ-limits /pt/guides/network/ovhcloud-connect/limits;

# OVHcloud Connect revamp: concept pages (Layer 2/3 mode, concepts overview)
# consolidated into the introduction guide.
/en/guides/network/ovhcloud-connect/occ-layer2 /en/guides/network/ovhcloud-connect/introduction;
/fr/guides/network/ovhcloud-connect/occ-layer2 /fr/guides/network/ovhcloud-connect/introduction;
/de/guides/network/ovhcloud-connect/occ-layer2 /de/guides/network/ovhcloud-connect/introduction;
/es/guides/network/ovhcloud-connect/occ-layer2 /es/guides/network/ovhcloud-connect/introduction;
/it/guides/network/ovhcloud-connect/occ-layer2 /it/guides/network/ovhcloud-connect/introduction;
/pl/guides/network/ovhcloud-connect/occ-layer2 /pl/guides/network/ovhcloud-connect/introduction;
/pt/guides/network/ovhcloud-connect/occ-layer2 /pt/guides/network/ovhcloud-connect/introduction;
/en/guides/network/ovhcloud-connect/occ-layer3 /en/guides/network/ovhcloud-connect/introduction;
/fr/guides/network/ovhcloud-connect/occ-layer3 /fr/guides/network/ovhcloud-connect/introduction;
/de/guides/network/ovhcloud-connect/occ-layer3 /de/guides/network/ovhcloud-connect/introduction;
/es/guides/network/ovhcloud-connect/occ-layer3 /es/guides/network/ovhcloud-connect/introduction;
/it/guides/network/ovhcloud-connect/occ-layer3 /it/guides/network/ovhcloud-connect/introduction;
/pl/guides/network/ovhcloud-connect/occ-layer3 /pl/guides/network/ovhcloud-connect/introduction;
/pt/guides/network/ovhcloud-connect/occ-layer3 /pt/guides/network/ovhcloud-connect/introduction;
/en/guides/network/ovhcloud-connect/ovhcloud-connect-overview /en/guides/network/ovhcloud-connect/introduction;
/fr/guides/network/ovhcloud-connect/ovhcloud-connect-overview /fr/guides/network/ovhcloud-connect/introduction;
/de/guides/network/ovhcloud-connect/ovhcloud-connect-overview /de/guides/network/ovhcloud-connect/introduction;
/es/guides/network/ovhcloud-connect/ovhcloud-connect-overview /es/guides/network/ovhcloud-connect/introduction;
/it/guides/network/ovhcloud-connect/ovhcloud-connect-overview /it/guides/network/ovhcloud-connect/introduction;
/pl/guides/network/ovhcloud-connect/ovhcloud-connect-overview /pl/guides/network/ovhcloud-connect/introduction;
/pt/guides/network/ovhcloud-connect/ovhcloud-connect-overview /pt/guides/network/ovhcloud-connect/introduction;


# OPCP guide renames (opcp-compatibility-matrix PR)
/en/guides/hosted-private-cloud/opcp/how-to-create-image /en/guides/hosted-private-cloud/opcp/how-to-create-debian-image;
/fr/guides/hosted-private-cloud/opcp/how-to-create-image /fr/guides/hosted-private-cloud/opcp/how-to-create-debian-image;
/de/guides/hosted-private-cloud/opcp/how-to-create-image /de/guides/hosted-private-cloud/opcp/how-to-create-debian-image;
/es/guides/hosted-private-cloud/opcp/how-to-create-image /es/guides/hosted-private-cloud/opcp/how-to-create-debian-image;
/it/guides/hosted-private-cloud/opcp/how-to-create-image /it/guides/hosted-private-cloud/opcp/how-to-create-debian-image;
/pl/guides/hosted-private-cloud/opcp/how-to-create-image /pl/guides/hosted-private-cloud/opcp/how-to-create-debian-image;
/pt/guides/hosted-private-cloud/opcp/how-to-create-image /pt/guides/hosted-private-cloud/opcp/how-to-create-debian-image;
/en/guides/hosted-private-cloud/opcp/how-to-setup-instance-from-api /en/guides/hosted-private-cloud/opcp/how-to-setup-instance-from-cli;
/fr/guides/hosted-private-cloud/opcp/how-to-setup-instance-from-api /fr/guides/hosted-private-cloud/opcp/how-to-setup-instance-from-cli;
/de/guides/hosted-private-cloud/opcp/how-to-setup-instance-from-api /de/guides/hosted-private-cloud/opcp/how-to-setup-instance-from-cli;
/es/guides/hosted-private-cloud/opcp/how-to-setup-instance-from-api /es/guides/hosted-private-cloud/opcp/how-to-setup-instance-from-cli;
/it/guides/hosted-private-cloud/opcp/how-to-setup-instance-from-api /it/guides/hosted-private-cloud/opcp/how-to-setup-instance-from-cli;
/pl/guides/hosted-private-cloud/opcp/how-to-setup-instance-from-api /pl/guides/hosted-private-cloud/opcp/how-to-setup-instance-from-cli;
/pt/guides/hosted-private-cloud/opcp/how-to-setup-instance-from-api /pt/guides/hosted-private-cloud/opcp/how-to-setup-instance-from-cli;

# OPCP overview replaced by product landing page (landing-page-opcp)
/en/guides/hosted-private-cloud/opcp/overview /en/guides/hosted-private-cloud/opcp/landing-page-opcp;
/fr/guides/hosted-private-cloud/opcp/overview /fr/guides/hosted-private-cloud/opcp/landing-page-opcp;
/de/guides/hosted-private-cloud/opcp/overview /de/guides/hosted-private-cloud/opcp/landing-page-opcp;
/es/guides/hosted-private-cloud/opcp/overview /es/guides/hosted-private-cloud/opcp/landing-page-opcp;
/it/guides/hosted-private-cloud/opcp/overview /it/guides/hosted-private-cloud/opcp/landing-page-opcp;
/pl/guides/hosted-private-cloud/opcp/overview /pl/guides/hosted-private-cloud/opcp/landing-page-opcp;
/pt/guides/hosted-private-cloud/opcp/overview /pt/guides/hosted-private-cloud/opcp/landing-page-opcp;

# Telecom SMS go-live (2026-06-15): de/pt SMS disabled → locale home page;
# es/it/pl France-only features removed → local SMS overview
/de/guides/bare-metal-cloud/virtual-private-servers/n8n-sms /de;
/de/guides/web-cloud/messaging/sms/activer-la-recharge-automatique-du-credit-sms /de;
/de/guides/web-cloud/messaging/sms/api-sms-cookbook /de;
/de/guides/web-cloud/messaging/sms/envoi-de-sms-aux-etats-unis /de;
/de/guides/web-cloud/messaging/sms/liste-de-destinataire-sms /de;
/de/guides/web-cloud/messaging/sms/landing-page-sms /de;
/de/guides/web-cloud/messaging/sms/ma-premiere-campagne-sms /de;
/de/guides/web-cloud/messaging/sms/overview /de;
/de/guides/web-cloud/messaging/sms/send-sms-api-java /de;
/de/guides/web-cloud/messaging/sms/send-sms-api-nodejs /de;
/de/guides/web-cloud/messaging/sms/send-sms-api-php /de;
/de/guides/web-cloud/messaging/sms/send-sms-control-panel /de;
/de/guides/web-cloud/messaging/sms/send-sms-email /de;
/de/guides/web-cloud/messaging/sms/send-sms-http2sms /de;
/de/guides/web-cloud/messaging/sms/smpp-control-panel /de;
/de/guides/web-cloud/messaging/sms/smpp-specification /de;
/de/guides/web-cloud/messaging/sms/sms-address-books /de;
/de/guides/web-cloud/messaging/sms/sms-history /de;
/de/guides/web-cloud/messaging/sms/sms-hlr /de;
/de/guides/web-cloud/messaging/sms/sms-senders /de;
/de/guides/web-cloud/messaging/sms/sms-users /de;
/de/guides/web-cloud/messaging/sms/sms-with-reply /de;
/de/guides/web-cloud/messaging/sms/time-2-chat /de;
/pt/guides/bare-metal-cloud/virtual-private-servers/n8n-sms /pt;
/pt/guides/web-cloud/messaging/sms/activer-la-recharge-automatique-du-credit-sms /pt;
/pt/guides/web-cloud/messaging/sms/api-sms-cookbook /pt;
/pt/guides/web-cloud/messaging/sms/envoi-de-sms-aux-etats-unis /pt;
/pt/guides/web-cloud/messaging/sms/liste-de-destinataire-sms /pt;
/pt/guides/web-cloud/messaging/sms/landing-page-sms /pt;
/pt/guides/web-cloud/messaging/sms/ma-premiere-campagne-sms /pt;
/pt/guides/web-cloud/messaging/sms/overview /pt;
/pt/guides/web-cloud/messaging/sms/send-sms-api-java /pt;
/pt/guides/web-cloud/messaging/sms/send-sms-api-nodejs /pt;
/pt/guides/web-cloud/messaging/sms/send-sms-api-php /pt;
/pt/guides/web-cloud/messaging/sms/send-sms-control-panel /pt;
/pt/guides/web-cloud/messaging/sms/send-sms-email /pt;
/pt/guides/web-cloud/messaging/sms/send-sms-http2sms /pt;
/pt/guides/web-cloud/messaging/sms/smpp-control-panel /pt;
/pt/guides/web-cloud/messaging/sms/smpp-specification /pt;
/pt/guides/web-cloud/messaging/sms/sms-address-books /pt;
/pt/guides/web-cloud/messaging/sms/sms-history /pt;
/pt/guides/web-cloud/messaging/sms/sms-hlr /pt;
/pt/guides/web-cloud/messaging/sms/sms-senders /pt;
/pt/guides/web-cloud/messaging/sms/sms-users /pt;
/pt/guides/web-cloud/messaging/sms/sms-with-reply /pt;
/pt/guides/web-cloud/messaging/sms/time-2-chat /pt;
/es/guides/web-cloud/messaging/sms/sms-hlr /es/guides/web-cloud/messaging/sms/landing-page-sms;
/es/guides/web-cloud/messaging/sms/sms-with-reply /es/guides/web-cloud/messaging/sms/landing-page-sms;
/es/guides/web-cloud/messaging/sms/time-2-chat /es/guides/web-cloud/messaging/sms/landing-page-sms;
/it/guides/web-cloud/messaging/sms/sms-hlr /it/guides/web-cloud/messaging/sms/landing-page-sms;
/it/guides/web-cloud/messaging/sms/sms-with-reply /it/guides/web-cloud/messaging/sms/landing-page-sms;
/it/guides/web-cloud/messaging/sms/time-2-chat /it/guides/web-cloud/messaging/sms/landing-page-sms;
/pl/guides/web-cloud/messaging/sms/sms-hlr /pl/guides/web-cloud/messaging/sms/landing-page-sms;
/pl/guides/web-cloud/messaging/sms/sms-with-reply /pl/guides/web-cloud/messaging/sms/landing-page-sms;
/pl/guides/web-cloud/messaging/sms/time-2-chat /pl/guides/web-cloud/messaging/sms/landing-page-sms;

# SMS landing page — overview redirected to landing-page (de/pt SMS disabled, see above)
/en/guides/web-cloud/messaging/sms/overview /en/guides/web-cloud/messaging/sms/landing-page-sms;
/fr/guides/web-cloud/messaging/sms/overview /fr/guides/web-cloud/messaging/sms/landing-page-sms;
/es/guides/web-cloud/messaging/sms/overview /es/guides/web-cloud/messaging/sms/landing-page-sms;
/it/guides/web-cloud/messaging/sms/overview /it/guides/web-cloud/messaging/sms/landing-page-sms;
/pl/guides/web-cloud/messaging/sms/overview /pl/guides/web-cloud/messaging/sms/landing-page-sms;

# Email landing pages (FR) — overview redirected to landing-page
/fr/guides/web-cloud/email-and-collaborative-solutions/mx-plan/overview /fr/guides/web-cloud/email-and-collaborative-solutions/mx-plan/landing-page-mx-plan;
/fr/guides/web-cloud/email-and-collaborative-solutions/email-pro/overview /fr/guides/web-cloud/email-and-collaborative-solutions/email-pro/landing-page-email-pro;
/fr/guides/web-cloud/email-and-collaborative-solutions/microsoft-exchange/overview /fr/guides/web-cloud/email-and-collaborative-solutions/microsoft-exchange/landing-page-microsoft-exchange;
/fr/guides/web-cloud/email-and-collaborative-solutions/zimbra/overview /fr/guides/web-cloud/email-and-collaborative-solutions/zimbra/landing-page-zimbra;

# Email landing pages (other locales) — overview redirected to landing-page
/en/guides/web-cloud/email-and-collaborative-solutions/mx-plan/overview /en/guides/web-cloud/email-and-collaborative-solutions/mx-plan/landing-page-mx-plan;
/en/guides/web-cloud/email-and-collaborative-solutions/email-pro/overview /en/guides/web-cloud/email-and-collaborative-solutions/email-pro/landing-page-email-pro;
/en/guides/web-cloud/email-and-collaborative-solutions/microsoft-exchange/overview /en/guides/web-cloud/email-and-collaborative-solutions/microsoft-exchange/landing-page-microsoft-exchange;
/en/guides/web-cloud/email-and-collaborative-solutions/zimbra/overview /en/guides/web-cloud/email-and-collaborative-solutions/zimbra/landing-page-zimbra;
/de/guides/web-cloud/email-and-collaborative-solutions/mx-plan/overview /de/guides/web-cloud/email-and-collaborative-solutions/mx-plan/landing-page-mx-plan;
/de/guides/web-cloud/email-and-collaborative-solutions/email-pro/overview /de/guides/web-cloud/email-and-collaborative-solutions/email-pro/landing-page-email-pro;
/de/guides/web-cloud/email-and-collaborative-solutions/microsoft-exchange/overview /de/guides/web-cloud/email-and-collaborative-solutions/microsoft-exchange/landing-page-microsoft-exchange;
/de/guides/web-cloud/email-and-collaborative-solutions/zimbra/overview /de/guides/web-cloud/email-and-collaborative-solutions/zimbra/landing-page-zimbra;
/es/guides/web-cloud/email-and-collaborative-solutions/mx-plan/overview /es/guides/web-cloud/email-and-collaborative-solutions/mx-plan/landing-page-mx-plan;
/es/guides/web-cloud/email-and-collaborative-solutions/email-pro/overview /es/guides/web-cloud/email-and-collaborative-solutions/email-pro/landing-page-email-pro;
/es/guides/web-cloud/email-and-collaborative-solutions/microsoft-exchange/overview /es/guides/web-cloud/email-and-collaborative-solutions/microsoft-exchange/landing-page-microsoft-exchange;
/es/guides/web-cloud/email-and-collaborative-solutions/zimbra/overview /es/guides/web-cloud/email-and-collaborative-solutions/zimbra/landing-page-zimbra;
/it/guides/web-cloud/email-and-collaborative-solutions/mx-plan/overview /it/guides/web-cloud/email-and-collaborative-solutions/mx-plan/landing-page-mx-plan;
/it/guides/web-cloud/email-and-collaborative-solutions/email-pro/overview /it/guides/web-cloud/email-and-collaborative-solutions/email-pro/landing-page-email-pro;
/it/guides/web-cloud/email-and-collaborative-solutions/microsoft-exchange/overview /it/guides/web-cloud/email-and-collaborative-solutions/microsoft-exchange/landing-page-microsoft-exchange;
/it/guides/web-cloud/email-and-collaborative-solutions/zimbra/overview /it/guides/web-cloud/email-and-collaborative-solutions/zimbra/landing-page-zimbra;
/pl/guides/web-cloud/email-and-collaborative-solutions/mx-plan/overview /pl/guides/web-cloud/email-and-collaborative-solutions/mx-plan/landing-page-mx-plan;
/pl/guides/web-cloud/email-and-collaborative-solutions/email-pro/overview /pl/guides/web-cloud/email-and-collaborative-solutions/email-pro/landing-page-email-pro;
/pl/guides/web-cloud/email-and-collaborative-solutions/microsoft-exchange/overview /pl/guides/web-cloud/email-and-collaborative-solutions/microsoft-exchange/landing-page-microsoft-exchange;
/pl/guides/web-cloud/email-and-collaborative-solutions/zimbra/overview /pl/guides/web-cloud/email-and-collaborative-solutions/zimbra/landing-page-zimbra;
/pt/guides/web-cloud/email-and-collaborative-solutions/mx-plan/overview /pt/guides/web-cloud/email-and-collaborative-solutions/mx-plan/landing-page-mx-plan;
/pt/guides/web-cloud/email-and-collaborative-solutions/email-pro/overview /pt/guides/web-cloud/email-and-collaborative-solutions/email-pro/landing-page-email-pro;
/pt/guides/web-cloud/email-and-collaborative-solutions/microsoft-exchange/overview /pt/guides/web-cloud/email-and-collaborative-solutions/microsoft-exchange/landing-page-microsoft-exchange;
/pt/guides/web-cloud/email-and-collaborative-solutions/zimbra/overview /pt/guides/web-cloud/email-and-collaborative-solutions/zimbra/landing-page-zimbra;
