# Redirect rules (301 Permanent)
# Format: source destination

/ /fr;

# Deleted guides → home page
/en/guides/account-and-service-management/account-information/ssh-key-creation /en;
/fr/guides/account-and-service-management/account-information/ssh-key-creation /fr;
/de/guides/account-and-service-management/account-information/ssh-key-creation /de;
/es/guides/account-and-service-management/account-information/ssh-key-creation /es;
/it/guides/account-and-service-management/account-information/ssh-key-creation /it;
/pl/guides/account-and-service-management/account-information/ssh-key-creation /pl;
/pt/guides/account-and-service-management/account-information/ssh-key-creation /pt;

# VoIP validation procedure guide (FR-only) → home page
/fr/guides/web-cloud/phone-and-fax/voip/la-procedure-de-validation-voip /fr;

# Internal SEO report mistakenly published as a page (FR-only) → home page
/fr/slug-seo-report /fr;

# vRack guides (vrack-apiv6, getting-started-creating-vrack-with-openstack)
# consolidated into the vrack guide.
/en/guides/public-cloud/network-services/vrack-apiv6 /en/guides/public-cloud/network-services/vrack;
/fr/guides/public-cloud/network-services/vrack-apiv6 /fr/guides/public-cloud/network-services/vrack;
/de/guides/public-cloud/network-services/vrack-apiv6 /de/guides/public-cloud/network-services/vrack;
/es/guides/public-cloud/network-services/vrack-apiv6 /es/guides/public-cloud/network-services/vrack;
/it/guides/public-cloud/network-services/vrack-apiv6 /it/guides/public-cloud/network-services/vrack;
/pl/guides/public-cloud/network-services/vrack-apiv6 /pl/guides/public-cloud/network-services/vrack;
/pt/guides/public-cloud/network-services/vrack-apiv6 /pt/guides/public-cloud/network-services/vrack;
/en/guides/public-cloud/network-services/getting-started-creating-vrack-with-openstack /en/guides/public-cloud/network-services/vrack;
/fr/guides/public-cloud/network-services/getting-started-creating-vrack-with-openstack /fr/guides/public-cloud/network-services/vrack;
/de/guides/public-cloud/network-services/getting-started-creating-vrack-with-openstack /de/guides/public-cloud/network-services/vrack;
/es/guides/public-cloud/network-services/getting-started-creating-vrack-with-openstack /es/guides/public-cloud/network-services/vrack;
/it/guides/public-cloud/network-services/getting-started-creating-vrack-with-openstack /it/guides/public-cloud/network-services/vrack;
/pl/guides/public-cloud/network-services/getting-started-creating-vrack-with-openstack /pl/guides/public-cloud/network-services/vrack;
/pt/guides/public-cloud/network-services/getting-started-creating-vrack-with-openstack /pt/guides/public-cloud/network-services/vrack;

# OPCP guide renames (opcp-compatibility-matrix PR)
/en/guides/hosted-private-cloud/opcp/how-to-create-image /en/guides/hosted-private-cloud/opcp/how-to-create-debian-image;
/fr/guides/hosted-private-cloud/opcp/how-to-create-image /fr/guides/hosted-private-cloud/opcp/how-to-create-debian-image;
/de/guides/hosted-private-cloud/opcp/how-to-create-image /de/guides/hosted-private-cloud/opcp/how-to-create-debian-image;
/es/guides/hosted-private-cloud/opcp/how-to-create-image /es/guides/hosted-private-cloud/opcp/how-to-create-debian-image;
/it/guides/hosted-private-cloud/opcp/how-to-create-image /it/guides/hosted-private-cloud/opcp/how-to-create-debian-image;
/pl/guides/hosted-private-cloud/opcp/how-to-create-image /pl/guides/hosted-private-cloud/opcp/how-to-create-debian-image;
/pt/guides/hosted-private-cloud/opcp/how-to-create-image /pt/guides/hosted-private-cloud/opcp/how-to-create-debian-image;
/en/guides/hosted-private-cloud/opcp/how-to-setup-instance-from-api /en/guides/hosted-private-cloud/opcp/how-to-setup-instance-from-cli;
/fr/guides/hosted-private-cloud/opcp/how-to-setup-instance-from-api /fr/guides/hosted-private-cloud/opcp/how-to-setup-instance-from-cli;
/de/guides/hosted-private-cloud/opcp/how-to-setup-instance-from-api /de/guides/hosted-private-cloud/opcp/how-to-setup-instance-from-cli;
/es/guides/hosted-private-cloud/opcp/how-to-setup-instance-from-api /es/guides/hosted-private-cloud/opcp/how-to-setup-instance-from-cli;
/it/guides/hosted-private-cloud/opcp/how-to-setup-instance-from-api /it/guides/hosted-private-cloud/opcp/how-to-setup-instance-from-cli;
/pl/guides/hosted-private-cloud/opcp/how-to-setup-instance-from-api /pl/guides/hosted-private-cloud/opcp/how-to-setup-instance-from-cli;
/pt/guides/hosted-private-cloud/opcp/how-to-setup-instance-from-api /pt/guides/hosted-private-cloud/opcp/how-to-setup-instance-from-cli;

# OPCP overview replaced by product landing page (landing-page-opcp)
/en/guides/hosted-private-cloud/opcp/overview /en/guides/hosted-private-cloud/opcp/landing-page-opcp;
/fr/guides/hosted-private-cloud/opcp/overview /fr/guides/hosted-private-cloud/opcp/landing-page-opcp;
/de/guides/hosted-private-cloud/opcp/overview /de/guides/hosted-private-cloud/opcp/landing-page-opcp;
/es/guides/hosted-private-cloud/opcp/overview /es/guides/hosted-private-cloud/opcp/landing-page-opcp;
/it/guides/hosted-private-cloud/opcp/overview /it/guides/hosted-private-cloud/opcp/landing-page-opcp;
/pl/guides/hosted-private-cloud/opcp/overview /pl/guides/hosted-private-cloud/opcp/landing-page-opcp;
/pt/guides/hosted-private-cloud/opcp/overview /pt/guides/hosted-private-cloud/opcp/landing-page-opcp;

# Telecom SMS go-live (2026-06-15): de/pt SMS disabled → locale home page;
# es/it/pl France-only features removed → local SMS overview
/de/guides/bare-metal-cloud/virtual-private-servers/n8n-sms /de;
/de/guides/web-cloud/messaging/sms/activer-la-recharge-automatique-du-credit-sms /de;
/de/guides/web-cloud/messaging/sms/api-sms-cookbook /de;
/de/guides/web-cloud/messaging/sms/envoi-de-sms-aux-etats-unis /de;
/de/guides/web-cloud/messaging/sms/liste-de-destinataire-sms /de;
/de/guides/web-cloud/messaging/sms/landing-page-sms /de;
/de/guides/web-cloud/messaging/sms/ma-premiere-campagne-sms /de;
/de/guides/web-cloud/messaging/sms/overview /de;
/de/guides/web-cloud/messaging/sms/send-sms-api-java /de;
/de/guides/web-cloud/messaging/sms/send-sms-api-nodejs /de;
/de/guides/web-cloud/messaging/sms/send-sms-api-php /de;
/de/guides/web-cloud/messaging/sms/send-sms-control-panel /de;
/de/guides/web-cloud/messaging/sms/send-sms-email /de;
/de/guides/web-cloud/messaging/sms/send-sms-http2sms /de;
/de/guides/web-cloud/messaging/sms/smpp-control-panel /de;
/de/guides/web-cloud/messaging/sms/smpp-specification /de;
/de/guides/web-cloud/messaging/sms/sms-address-books /de;
/de/guides/web-cloud/messaging/sms/sms-history /de;
/de/guides/web-cloud/messaging/sms/sms-hlr /de;
/de/guides/web-cloud/messaging/sms/sms-senders /de;
/de/guides/web-cloud/messaging/sms/sms-users /de;
/de/guides/web-cloud/messaging/sms/sms-with-reply /de;
/de/guides/web-cloud/messaging/sms/time-2-chat /de;
/pt/guides/bare-metal-cloud/virtual-private-servers/n8n-sms /pt;
/pt/guides/web-cloud/messaging/sms/activer-la-recharge-automatique-du-credit-sms /pt;
/pt/guides/web-cloud/messaging/sms/api-sms-cookbook /pt;
/pt/guides/web-cloud/messaging/sms/envoi-de-sms-aux-etats-unis /pt;
/pt/guides/web-cloud/messaging/sms/liste-de-destinataire-sms /pt;
/pt/guides/web-cloud/messaging/sms/landing-page-sms /pt;
/pt/guides/web-cloud/messaging/sms/ma-premiere-campagne-sms /pt;
/pt/guides/web-cloud/messaging/sms/overview /pt;
/pt/guides/web-cloud/messaging/sms/send-sms-api-java /pt;
/pt/guides/web-cloud/messaging/sms/send-sms-api-nodejs /pt;
/pt/guides/web-cloud/messaging/sms/send-sms-api-php /pt;
/pt/guides/web-cloud/messaging/sms/send-sms-control-panel /pt;
/pt/guides/web-cloud/messaging/sms/send-sms-email /pt;
/pt/guides/web-cloud/messaging/sms/send-sms-http2sms /pt;
/pt/guides/web-cloud/messaging/sms/smpp-control-panel /pt;
/pt/guides/web-cloud/messaging/sms/smpp-specification /pt;
/pt/guides/web-cloud/messaging/sms/sms-address-books /pt;
/pt/guides/web-cloud/messaging/sms/sms-history /pt;
/pt/guides/web-cloud/messaging/sms/sms-hlr /pt;
/pt/guides/web-cloud/messaging/sms/sms-senders /pt;
/pt/guides/web-cloud/messaging/sms/sms-users /pt;
/pt/guides/web-cloud/messaging/sms/sms-with-reply /pt;
/pt/guides/web-cloud/messaging/sms/time-2-chat /pt;
/es/guides/web-cloud/messaging/sms/sms-hlr /es/guides/web-cloud/messaging/sms/landing-page-sms;
/es/guides/web-cloud/messaging/sms/sms-with-reply /es/guides/web-cloud/messaging/sms/landing-page-sms;
/es/guides/web-cloud/messaging/sms/time-2-chat /es/guides/web-cloud/messaging/sms/landing-page-sms;
/it/guides/web-cloud/messaging/sms/sms-hlr /it/guides/web-cloud/messaging/sms/landing-page-sms;
/it/guides/web-cloud/messaging/sms/sms-with-reply /it/guides/web-cloud/messaging/sms/landing-page-sms;
/it/guides/web-cloud/messaging/sms/time-2-chat /it/guides/web-cloud/messaging/sms/landing-page-sms;
/pl/guides/web-cloud/messaging/sms/sms-hlr /pl/guides/web-cloud/messaging/sms/landing-page-sms;
/pl/guides/web-cloud/messaging/sms/sms-with-reply /pl/guides/web-cloud/messaging/sms/landing-page-sms;
/pl/guides/web-cloud/messaging/sms/time-2-chat /pl/guides/web-cloud/messaging/sms/landing-page-sms;

# SMS landing page — overview redirected to landing-page (de/pt SMS disabled, see above)
/en/guides/web-cloud/messaging/sms/overview /en/guides/web-cloud/messaging/sms/landing-page-sms;
/fr/guides/web-cloud/messaging/sms/overview /fr/guides/web-cloud/messaging/sms/landing-page-sms;
/es/guides/web-cloud/messaging/sms/overview /es/guides/web-cloud/messaging/sms/landing-page-sms;
/it/guides/web-cloud/messaging/sms/overview /it/guides/web-cloud/messaging/sms/landing-page-sms;
/pl/guides/web-cloud/messaging/sms/overview /pl/guides/web-cloud/messaging/sms/landing-page-sms;

# Email landing pages (FR) — overview redirected to landing-page
/fr/guides/web-cloud/email-and-collaborative-solutions/mx-plan/overview /fr/guides/web-cloud/email-and-collaborative-solutions/mx-plan/landing-page-mx-plan;
/fr/guides/web-cloud/email-and-collaborative-solutions/email-pro/overview /fr/guides/web-cloud/email-and-collaborative-solutions/email-pro/landing-page-email-pro;
/fr/guides/web-cloud/email-and-collaborative-solutions/microsoft-exchange/overview /fr/guides/web-cloud/email-and-collaborative-solutions/microsoft-exchange/landing-page-microsoft-exchange;
/fr/guides/web-cloud/email-and-collaborative-solutions/zimbra/overview /fr/guides/web-cloud/email-and-collaborative-solutions/zimbra/landing-page-zimbra;

# Email landing pages (other locales) — overview redirected to landing-page
/en/guides/web-cloud/email-and-collaborative-solutions/mx-plan/overview /en/guides/web-cloud/email-and-collaborative-solutions/mx-plan/landing-page-mx-plan;
/en/guides/web-cloud/email-and-collaborative-solutions/email-pro/overview /en/guides/web-cloud/email-and-collaborative-solutions/email-pro/landing-page-email-pro;
/en/guides/web-cloud/email-and-collaborative-solutions/microsoft-exchange/overview /en/guides/web-cloud/email-and-collaborative-solutions/microsoft-exchange/landing-page-microsoft-exchange;
/en/guides/web-cloud/email-and-collaborative-solutions/zimbra/overview /en/guides/web-cloud/email-and-collaborative-solutions/zimbra/landing-page-zimbra;
/de/guides/web-cloud/email-and-collaborative-solutions/mx-plan/overview /de/guides/web-cloud/email-and-collaborative-solutions/mx-plan/landing-page-mx-plan;
/de/guides/web-cloud/email-and-collaborative-solutions/email-pro/overview /de/guides/web-cloud/email-and-collaborative-solutions/email-pro/landing-page-email-pro;
/de/guides/web-cloud/email-and-collaborative-solutions/microsoft-exchange/overview /de/guides/web-cloud/email-and-collaborative-solutions/microsoft-exchange/landing-page-microsoft-exchange;
/de/guides/web-cloud/email-and-collaborative-solutions/zimbra/overview /de/guides/web-cloud/email-and-collaborative-solutions/zimbra/landing-page-zimbra;
/es/guides/web-cloud/email-and-collaborative-solutions/mx-plan/overview /es/guides/web-cloud/email-and-collaborative-solutions/mx-plan/landing-page-mx-plan;
/es/guides/web-cloud/email-and-collaborative-solutions/email-pro/overview /es/guides/web-cloud/email-and-collaborative-solutions/email-pro/landing-page-email-pro;
/es/guides/web-cloud/email-and-collaborative-solutions/microsoft-exchange/overview /es/guides/web-cloud/email-and-collaborative-solutions/microsoft-exchange/landing-page-microsoft-exchange;
/es/guides/web-cloud/email-and-collaborative-solutions/zimbra/overview /es/guides/web-cloud/email-and-collaborative-solutions/zimbra/landing-page-zimbra;
/it/guides/web-cloud/email-and-collaborative-solutions/mx-plan/overview /it/guides/web-cloud/email-and-collaborative-solutions/mx-plan/landing-page-mx-plan;
/it/guides/web-cloud/email-and-collaborative-solutions/email-pro/overview /it/guides/web-cloud/email-and-collaborative-solutions/email-pro/landing-page-email-pro;
/it/guides/web-cloud/email-and-collaborative-solutions/microsoft-exchange/overview /it/guides/web-cloud/email-and-collaborative-solutions/microsoft-exchange/landing-page-microsoft-exchange;
/it/guides/web-cloud/email-and-collaborative-solutions/zimbra/overview /it/guides/web-cloud/email-and-collaborative-solutions/zimbra/landing-page-zimbra;
/pl/guides/web-cloud/email-and-collaborative-solutions/mx-plan/overview /pl/guides/web-cloud/email-and-collaborative-solutions/mx-plan/landing-page-mx-plan;
/pl/guides/web-cloud/email-and-collaborative-solutions/email-pro/overview /pl/guides/web-cloud/email-and-collaborative-solutions/email-pro/landing-page-email-pro;
/pl/guides/web-cloud/email-and-collaborative-solutions/microsoft-exchange/overview /pl/guides/web-cloud/email-and-collaborative-solutions/microsoft-exchange/landing-page-microsoft-exchange;
/pl/guides/web-cloud/email-and-collaborative-solutions/zimbra/overview /pl/guides/web-cloud/email-and-collaborative-solutions/zimbra/landing-page-zimbra;
/pt/guides/web-cloud/email-and-collaborative-solutions/mx-plan/overview /pt/guides/web-cloud/email-and-collaborative-solutions/mx-plan/landing-page-mx-plan;
/pt/guides/web-cloud/email-and-collaborative-solutions/email-pro/overview /pt/guides/web-cloud/email-and-collaborative-solutions/email-pro/landing-page-email-pro;
/pt/guides/web-cloud/email-and-collaborative-solutions/microsoft-exchange/overview /pt/guides/web-cloud/email-and-collaborative-solutions/microsoft-exchange/landing-page-microsoft-exchange;
/pt/guides/web-cloud/email-and-collaborative-solutions/zimbra/overview /pt/guides/web-cloud/email-and-collaborative-solutions/zimbra/landing-page-zimbra;

# OverTheBox (FR-only): overview page replaced by a landing page
/fr/guides/web-cloud/internet/overthebox/overview /fr/guides/web-cloud/internet/overthebox/landing-page-overthebox;

# OLA guides renamed to LACP (bare-metal dedicated servers)
/en/guides/bare-metal-cloud/dedicated-servers/ola-enable-debian9 /en/guides/bare-metal-cloud/dedicated-servers/lacp-enable-ifupdown;
/fr/guides/bare-metal-cloud/dedicated-servers/ola-enable-debian9 /fr/guides/bare-metal-cloud/dedicated-servers/lacp-enable-ifupdown;
/de/guides/bare-metal-cloud/dedicated-servers/ola-enable-debian9 /de/guides/bare-metal-cloud/dedicated-servers/lacp-enable-ifupdown;
/es/guides/bare-metal-cloud/dedicated-servers/ola-enable-debian9 /es/guides/bare-metal-cloud/dedicated-servers/lacp-enable-ifupdown;
/it/guides/bare-metal-cloud/dedicated-servers/ola-enable-debian9 /it/guides/bare-metal-cloud/dedicated-servers/lacp-enable-ifupdown;
/pl/guides/bare-metal-cloud/dedicated-servers/ola-enable-debian9 /pl/guides/bare-metal-cloud/dedicated-servers/lacp-enable-ifupdown;
/pt/guides/bare-metal-cloud/dedicated-servers/ola-enable-debian9 /pt/guides/bare-metal-cloud/dedicated-servers/lacp-enable-ifupdown;
/en/guides/bare-metal-cloud/dedicated-servers/ola-enable-sles15 /en/guides/bare-metal-cloud/dedicated-servers/lacp-enable-sles15;
/fr/guides/bare-metal-cloud/dedicated-servers/ola-enable-sles15 /fr/guides/bare-metal-cloud/dedicated-servers/lacp-enable-sles15;
/de/guides/bare-metal-cloud/dedicated-servers/ola-enable-sles15 /de/guides/bare-metal-cloud/dedicated-servers/lacp-enable-sles15;
/es/guides/bare-metal-cloud/dedicated-servers/ola-enable-sles15 /es/guides/bare-metal-cloud/dedicated-servers/lacp-enable-sles15;
/it/guides/bare-metal-cloud/dedicated-servers/ola-enable-sles15 /it/guides/bare-metal-cloud/dedicated-servers/lacp-enable-sles15;
/pl/guides/bare-metal-cloud/dedicated-servers/ola-enable-sles15 /pl/guides/bare-metal-cloud/dedicated-servers/lacp-enable-sles15;
/pt/guides/bare-metal-cloud/dedicated-servers/ola-enable-sles15 /pt/guides/bare-metal-cloud/dedicated-servers/lacp-enable-sles15;

# Web Hosting overview -> product landing page
/en/guides/web-cloud/web-hosting/overview /en/guides/web-cloud/web-hosting/landing-page-web-hosting;
/fr/guides/web-cloud/web-hosting/overview /fr/guides/web-cloud/web-hosting/landing-page-web-hosting;
/de/guides/web-cloud/web-hosting/overview /de/guides/web-cloud/web-hosting/landing-page-web-hosting;
/es/guides/web-cloud/web-hosting/overview /es/guides/web-cloud/web-hosting/landing-page-web-hosting;
/it/guides/web-cloud/web-hosting/overview /it/guides/web-cloud/web-hosting/landing-page-web-hosting;
/pl/guides/web-cloud/web-hosting/overview /pl/guides/web-cloud/web-hosting/landing-page-web-hosting;
/pt/guides/web-cloud/web-hosting/overview /pt/guides/web-cloud/web-hosting/landing-page-web-hosting;

# Web Cloud Databases overview -> product landing page
/en/guides/web-cloud/databases/overview /en/guides/web-cloud/databases/landing-page-databases;
/fr/guides/web-cloud/databases/overview /fr/guides/web-cloud/databases/landing-page-databases;
/de/guides/web-cloud/databases/overview /de/guides/web-cloud/databases/landing-page-databases;
/es/guides/web-cloud/databases/overview /es/guides/web-cloud/databases/landing-page-databases;
/it/guides/web-cloud/databases/overview /it/guides/web-cloud/databases/landing-page-databases;
/pl/guides/web-cloud/databases/overview /pl/guides/web-cloud/databases/landing-page-databases;
/pt/guides/web-cloud/databases/overview /pt/guides/web-cloud/databases/landing-page-databases;

# TEMP — OVHcloud Connect revert (ovhcloud-docs PR #341). The sa-occ-revamp
# guides were reverted, so their published URLs 404. Redirect them to the
# restored guides until the next OCC revamp lands, then DELETE this block.
# Renamed guides -> restored equivalent:
/en/guides/network/ovhcloud-connect/automation /en/guides/network/ovhcloud-connect/api;
/fr/guides/network/ovhcloud-connect/automation /fr/guides/network/ovhcloud-connect/api;
/de/guides/network/ovhcloud-connect/automation /de/guides/network/ovhcloud-connect/api;
/es/guides/network/ovhcloud-connect/automation /es/guides/network/ovhcloud-connect/api;
/it/guides/network/ovhcloud-connect/automation /it/guides/network/ovhcloud-connect/api;
/pl/guides/network/ovhcloud-connect/automation /pl/guides/network/ovhcloud-connect/api;
/pt/guides/network/ovhcloud-connect/automation /pt/guides/network/ovhcloud-connect/api;
/en/guides/network/ovhcloud-connect/monitor /en/guides/network/ovhcloud-connect/occ-diagnostics;
/fr/guides/network/ovhcloud-connect/monitor /fr/guides/network/ovhcloud-connect/occ-diagnostics;
/de/guides/network/ovhcloud-connect/monitor /de/guides/network/ovhcloud-connect/occ-diagnostics;
/es/guides/network/ovhcloud-connect/monitor /es/guides/network/ovhcloud-connect/occ-diagnostics;
/it/guides/network/ovhcloud-connect/monitor /it/guides/network/ovhcloud-connect/occ-diagnostics;
/pl/guides/network/ovhcloud-connect/monitor /pl/guides/network/ovhcloud-connect/occ-diagnostics;
/pt/guides/network/ovhcloud-connect/monitor /pt/guides/network/ovhcloud-connect/occ-diagnostics;
/en/guides/network/ovhcloud-connect/limits /en/guides/network/ovhcloud-connect/occ-limits;
/fr/guides/network/ovhcloud-connect/limits /fr/guides/network/ovhcloud-connect/occ-limits;
/de/guides/network/ovhcloud-connect/limits /de/guides/network/ovhcloud-connect/occ-limits;
/es/guides/network/ovhcloud-connect/limits /es/guides/network/ovhcloud-connect/occ-limits;
/it/guides/network/ovhcloud-connect/limits /it/guides/network/ovhcloud-connect/occ-limits;
/pl/guides/network/ovhcloud-connect/limits /pl/guides/network/ovhcloud-connect/occ-limits;
/pt/guides/network/ovhcloud-connect/limits /pt/guides/network/ovhcloud-connect/occ-limits;
/en/guides/network/ovhcloud-connect/occ-direct-control-panel-setup /en/guides/network/ovhcloud-connect/occ-direct-control-panel;
/fr/guides/network/ovhcloud-connect/occ-direct-control-panel-setup /fr/guides/network/ovhcloud-connect/occ-direct-control-panel;
/de/guides/network/ovhcloud-connect/occ-direct-control-panel-setup /de/guides/network/ovhcloud-connect/occ-direct-control-panel;
/es/guides/network/ovhcloud-connect/occ-direct-control-panel-setup /es/guides/network/ovhcloud-connect/occ-direct-control-panel;
/it/guides/network/ovhcloud-connect/occ-direct-control-panel-setup /it/guides/network/ovhcloud-connect/occ-direct-control-panel;
/pl/guides/network/ovhcloud-connect/occ-direct-control-panel-setup /pl/guides/network/ovhcloud-connect/occ-direct-control-panel;
/pt/guides/network/ovhcloud-connect/occ-direct-control-panel-setup /pt/guides/network/ovhcloud-connect/occ-direct-control-panel;
/en/guides/network/ovhcloud-connect/occ-provider-control-panel-setup /en/guides/network/ovhcloud-connect/occ-provider-control-panel;
/fr/guides/network/ovhcloud-connect/occ-provider-control-panel-setup /fr/guides/network/ovhcloud-connect/occ-provider-control-panel;
/de/guides/network/ovhcloud-connect/occ-provider-control-panel-setup /de/guides/network/ovhcloud-connect/occ-provider-control-panel;
/es/guides/network/ovhcloud-connect/occ-provider-control-panel-setup /es/guides/network/ovhcloud-connect/occ-provider-control-panel;
/it/guides/network/ovhcloud-connect/occ-provider-control-panel-setup /it/guides/network/ovhcloud-connect/occ-provider-control-panel;
/pl/guides/network/ovhcloud-connect/occ-provider-control-panel-setup /pl/guides/network/ovhcloud-connect/occ-provider-control-panel;
/pt/guides/network/ovhcloud-connect/occ-provider-control-panel-setup /pt/guides/network/ovhcloud-connect/occ-provider-control-panel;
/en/guides/network/ovhcloud-connect/introduction /en/guides/network/ovhcloud-connect/ovhcloud-connect-overview;
/fr/guides/network/ovhcloud-connect/introduction /fr/guides/network/ovhcloud-connect/ovhcloud-connect-overview;
/de/guides/network/ovhcloud-connect/introduction /de/guides/network/ovhcloud-connect/ovhcloud-connect-overview;
/es/guides/network/ovhcloud-connect/introduction /es/guides/network/ovhcloud-connect/ovhcloud-connect-overview;
/it/guides/network/ovhcloud-connect/introduction /it/guides/network/ovhcloud-connect/ovhcloud-connect-overview;
/pl/guides/network/ovhcloud-connect/introduction /pl/guides/network/ovhcloud-connect/ovhcloud-connect-overview;
/pt/guides/network/ovhcloud-connect/introduction /pt/guides/network/ovhcloud-connect/ovhcloud-connect-overview;
/en/guides/network/ovhcloud-connect/logs-forwarding /en/guides/network/ovhcloud-connect/logs-to-customers;
/fr/guides/network/ovhcloud-connect/logs-forwarding /fr/guides/network/ovhcloud-connect/logs-to-customers;
/de/guides/network/ovhcloud-connect/logs-forwarding /de/guides/network/ovhcloud-connect/logs-to-customers;
/es/guides/network/ovhcloud-connect/logs-forwarding /es/guides/network/ovhcloud-connect/logs-to-customers;
/it/guides/network/ovhcloud-connect/logs-forwarding /it/guides/network/ovhcloud-connect/logs-to-customers;
/pl/guides/network/ovhcloud-connect/logs-forwarding /pl/guides/network/ovhcloud-connect/logs-to-customers;
/pt/guides/network/ovhcloud-connect/logs-forwarding /pt/guides/network/ovhcloud-connect/logs-to-customers;
# Revamp-only guides (no old equivalent) -> product overview:
/en/guides/network/ovhcloud-connect/glossary /en/guides/network/ovhcloud-connect/overview;
/fr/guides/network/ovhcloud-connect/glossary /fr/guides/network/ovhcloud-connect/overview;
/de/guides/network/ovhcloud-connect/glossary /de/guides/network/ovhcloud-connect/overview;
/es/guides/network/ovhcloud-connect/glossary /es/guides/network/ovhcloud-connect/overview;
/it/guides/network/ovhcloud-connect/glossary /it/guides/network/ovhcloud-connect/overview;
/pl/guides/network/ovhcloud-connect/glossary /pl/guides/network/ovhcloud-connect/overview;
/pt/guides/network/ovhcloud-connect/glossary /pt/guides/network/ovhcloud-connect/overview;
/en/guides/network/ovhcloud-connect/providers /en/guides/network/ovhcloud-connect/overview;
/fr/guides/network/ovhcloud-connect/providers /fr/guides/network/ovhcloud-connect/overview;
/de/guides/network/ovhcloud-connect/providers /de/guides/network/ovhcloud-connect/overview;
/es/guides/network/ovhcloud-connect/providers /es/guides/network/ovhcloud-connect/overview;
/it/guides/network/ovhcloud-connect/providers /it/guides/network/ovhcloud-connect/overview;
/pl/guides/network/ovhcloud-connect/providers /pl/guides/network/ovhcloud-connect/overview;
/pt/guides/network/ovhcloud-connect/providers /pt/guides/network/ovhcloud-connect/overview;
/en/guides/network/ovhcloud-connect/pop-locations-regions /en/guides/network/ovhcloud-connect/overview;
/fr/guides/network/ovhcloud-connect/pop-locations-regions /fr/guides/network/ovhcloud-connect/overview;
/de/guides/network/ovhcloud-connect/pop-locations-regions /de/guides/network/ovhcloud-connect/overview;
/es/guides/network/ovhcloud-connect/pop-locations-regions /es/guides/network/ovhcloud-connect/overview;
/it/guides/network/ovhcloud-connect/pop-locations-regions /it/guides/network/ovhcloud-connect/overview;
/pl/guides/network/ovhcloud-connect/pop-locations-regions /pl/guides/network/ovhcloud-connect/overview;
/pt/guides/network/ovhcloud-connect/pop-locations-regions /pt/guides/network/ovhcloud-connect/overview;
/en/guides/network/ovhcloud-connect/multi-az /en/guides/network/ovhcloud-connect/overview;
/fr/guides/network/ovhcloud-connect/multi-az /fr/guides/network/ovhcloud-connect/overview;
/de/guides/network/ovhcloud-connect/multi-az /de/guides/network/ovhcloud-connect/overview;
/es/guides/network/ovhcloud-connect/multi-az /es/guides/network/ovhcloud-connect/overview;
/it/guides/network/ovhcloud-connect/multi-az /it/guides/network/ovhcloud-connect/overview;
/pl/guides/network/ovhcloud-connect/multi-az /pl/guides/network/ovhcloud-connect/overview;
/pt/guides/network/ovhcloud-connect/multi-az /pt/guides/network/ovhcloud-connect/overview;
/en/guides/network/ovhcloud-connect/slas /en/guides/network/ovhcloud-connect/overview;
/fr/guides/network/ovhcloud-connect/slas /fr/guides/network/ovhcloud-connect/overview;
/de/guides/network/ovhcloud-connect/slas /de/guides/network/ovhcloud-connect/overview;
/es/guides/network/ovhcloud-connect/slas /es/guides/network/ovhcloud-connect/overview;
/it/guides/network/ovhcloud-connect/slas /it/guides/network/ovhcloud-connect/overview;
/pl/guides/network/ovhcloud-connect/slas /pl/guides/network/ovhcloud-connect/overview;
/pt/guides/network/ovhcloud-connect/slas /pt/guides/network/ovhcloud-connect/overview;
/en/guides/network/ovhcloud-connect/order-direct /en/guides/network/ovhcloud-connect/overview;
/fr/guides/network/ovhcloud-connect/order-direct /fr/guides/network/ovhcloud-connect/overview;
/de/guides/network/ovhcloud-connect/order-direct /de/guides/network/ovhcloud-connect/overview;
/es/guides/network/ovhcloud-connect/order-direct /es/guides/network/ovhcloud-connect/overview;
/it/guides/network/ovhcloud-connect/order-direct /it/guides/network/ovhcloud-connect/overview;
/pl/guides/network/ovhcloud-connect/order-direct /pl/guides/network/ovhcloud-connect/overview;
/pt/guides/network/ovhcloud-connect/order-direct /pt/guides/network/ovhcloud-connect/overview;
/en/guides/network/ovhcloud-connect/order-provider /en/guides/network/ovhcloud-connect/overview;
/fr/guides/network/ovhcloud-connect/order-provider /fr/guides/network/ovhcloud-connect/overview;
/de/guides/network/ovhcloud-connect/order-provider /de/guides/network/ovhcloud-connect/overview;
/es/guides/network/ovhcloud-connect/order-provider /es/guides/network/ovhcloud-connect/overview;
/it/guides/network/ovhcloud-connect/order-provider /it/guides/network/ovhcloud-connect/overview;
/pl/guides/network/ovhcloud-connect/order-provider /pl/guides/network/ovhcloud-connect/overview;
/pt/guides/network/ovhcloud-connect/order-provider /pt/guides/network/ovhcloud-connect/overview;
/en/guides/network/ovhcloud-connect/cancel-direct /en/guides/network/ovhcloud-connect/overview;
/fr/guides/network/ovhcloud-connect/cancel-direct /fr/guides/network/ovhcloud-connect/overview;
/de/guides/network/ovhcloud-connect/cancel-direct /de/guides/network/ovhcloud-connect/overview;
/es/guides/network/ovhcloud-connect/cancel-direct /es/guides/network/ovhcloud-connect/overview;
/it/guides/network/ovhcloud-connect/cancel-direct /it/guides/network/ovhcloud-connect/overview;
/pl/guides/network/ovhcloud-connect/cancel-direct /pl/guides/network/ovhcloud-connect/overview;
/pt/guides/network/ovhcloud-connect/cancel-direct /pt/guides/network/ovhcloud-connect/overview;
/en/guides/network/ovhcloud-connect/cancel-provider /en/guides/network/ovhcloud-connect/overview;
/fr/guides/network/ovhcloud-connect/cancel-provider /fr/guides/network/ovhcloud-connect/overview;
/de/guides/network/ovhcloud-connect/cancel-provider /de/guides/network/ovhcloud-connect/overview;
/es/guides/network/ovhcloud-connect/cancel-provider /es/guides/network/ovhcloud-connect/overview;
/it/guides/network/ovhcloud-connect/cancel-provider /it/guides/network/ovhcloud-connect/overview;
/pl/guides/network/ovhcloud-connect/cancel-provider /pl/guides/network/ovhcloud-connect/overview;
/pt/guides/network/ovhcloud-connect/cancel-provider /pt/guides/network/ovhcloud-connect/overview;
/en/guides/network/ovhcloud-connect/associate-vrack /en/guides/network/ovhcloud-connect/overview;
/fr/guides/network/ovhcloud-connect/associate-vrack /fr/guides/network/ovhcloud-connect/overview;
/de/guides/network/ovhcloud-connect/associate-vrack /de/guides/network/ovhcloud-connect/overview;
/es/guides/network/ovhcloud-connect/associate-vrack /es/guides/network/ovhcloud-connect/overview;
/it/guides/network/ovhcloud-connect/associate-vrack /it/guides/network/ovhcloud-connect/overview;
/pl/guides/network/ovhcloud-connect/associate-vrack /pl/guides/network/ovhcloud-connect/overview;
/pt/guides/network/ovhcloud-connect/associate-vrack /pt/guides/network/ovhcloud-connect/overview;
/en/guides/network/ovhcloud-connect/vrack-network-setup /en/guides/network/ovhcloud-connect/overview;
/fr/guides/network/ovhcloud-connect/vrack-network-setup /fr/guides/network/ovhcloud-connect/overview;
/de/guides/network/ovhcloud-connect/vrack-network-setup /de/guides/network/ovhcloud-connect/overview;
/es/guides/network/ovhcloud-connect/vrack-network-setup /es/guides/network/ovhcloud-connect/overview;
/it/guides/network/ovhcloud-connect/vrack-network-setup /it/guides/network/ovhcloud-connect/overview;
/pl/guides/network/ovhcloud-connect/vrack-network-setup /pl/guides/network/ovhcloud-connect/overview;
/pt/guides/network/ovhcloud-connect/vrack-network-setup /pt/guides/network/ovhcloud-connect/overview;
/en/guides/network/ovhcloud-connect/l3-bgp /en/guides/network/ovhcloud-connect/overview;
/fr/guides/network/ovhcloud-connect/l3-bgp /fr/guides/network/ovhcloud-connect/overview;
/de/guides/network/ovhcloud-connect/l3-bgp /de/guides/network/ovhcloud-connect/overview;
/es/guides/network/ovhcloud-connect/l3-bgp /es/guides/network/ovhcloud-connect/overview;
/it/guides/network/ovhcloud-connect/l3-bgp /it/guides/network/ovhcloud-connect/overview;
/pl/guides/network/ovhcloud-connect/l3-bgp /pl/guides/network/ovhcloud-connect/overview;
/pt/guides/network/ovhcloud-connect/l3-bgp /pt/guides/network/ovhcloud-connect/overview;
/en/guides/network/ovhcloud-connect/l3-static /en/guides/network/ovhcloud-connect/overview;
/fr/guides/network/ovhcloud-connect/l3-static /fr/guides/network/ovhcloud-connect/overview;
/de/guides/network/ovhcloud-connect/l3-static /de/guides/network/ovhcloud-connect/overview;
/es/guides/network/ovhcloud-connect/l3-static /es/guides/network/ovhcloud-connect/overview;
/it/guides/network/ovhcloud-connect/l3-static /it/guides/network/ovhcloud-connect/overview;
/pl/guides/network/ovhcloud-connect/l3-static /pl/guides/network/ovhcloud-connect/overview;
/pt/guides/network/ovhcloud-connect/l3-static /pt/guides/network/ovhcloud-connect/overview;
/en/guides/network/ovhcloud-connect/incident-followup /en/guides/network/ovhcloud-connect/overview;
/fr/guides/network/ovhcloud-connect/incident-followup /fr/guides/network/ovhcloud-connect/overview;
/de/guides/network/ovhcloud-connect/incident-followup /de/guides/network/ovhcloud-connect/overview;
/es/guides/network/ovhcloud-connect/incident-followup /es/guides/network/ovhcloud-connect/overview;
/it/guides/network/ovhcloud-connect/incident-followup /it/guides/network/ovhcloud-connect/overview;
/pl/guides/network/ovhcloud-connect/incident-followup /pl/guides/network/ovhcloud-connect/overview;
/pt/guides/network/ovhcloud-connect/incident-followup /pt/guides/network/ovhcloud-connect/overview;
/en/guides/network/ovhcloud-connect/cross-connect-loa /en/guides/network/ovhcloud-connect/overview;
/fr/guides/network/ovhcloud-connect/cross-connect-loa /fr/guides/network/ovhcloud-connect/overview;
/de/guides/network/ovhcloud-connect/cross-connect-loa /de/guides/network/ovhcloud-connect/overview;
/es/guides/network/ovhcloud-connect/cross-connect-loa /es/guides/network/ovhcloud-connect/overview;
/it/guides/network/ovhcloud-connect/cross-connect-loa /it/guides/network/ovhcloud-connect/overview;
/pl/guides/network/ovhcloud-connect/cross-connect-loa /pl/guides/network/ovhcloud-connect/overview;
/pt/guides/network/ovhcloud-connect/cross-connect-loa /pt/guides/network/ovhcloud-connect/overview;
/en/guides/network/ovhcloud-connect/simple-architecture /en/guides/network/ovhcloud-connect/overview;
/fr/guides/network/ovhcloud-connect/simple-architecture /fr/guides/network/ovhcloud-connect/overview;
/de/guides/network/ovhcloud-connect/simple-architecture /de/guides/network/ovhcloud-connect/overview;
/es/guides/network/ovhcloud-connect/simple-architecture /es/guides/network/ovhcloud-connect/overview;
/it/guides/network/ovhcloud-connect/simple-architecture /it/guides/network/ovhcloud-connect/overview;
/pl/guides/network/ovhcloud-connect/simple-architecture /pl/guides/network/ovhcloud-connect/overview;
/pt/guides/network/ovhcloud-connect/simple-architecture /pt/guides/network/ovhcloud-connect/overview;
/en/guides/network/ovhcloud-connect/resilient-architecture /en/guides/network/ovhcloud-connect/overview;
/fr/guides/network/ovhcloud-connect/resilient-architecture /fr/guides/network/ovhcloud-connect/overview;
/de/guides/network/ovhcloud-connect/resilient-architecture /de/guides/network/ovhcloud-connect/overview;
/es/guides/network/ovhcloud-connect/resilient-architecture /es/guides/network/ovhcloud-connect/overview;
/it/guides/network/ovhcloud-connect/resilient-architecture /it/guides/network/ovhcloud-connect/overview;
/pl/guides/network/ovhcloud-connect/resilient-architecture /pl/guides/network/ovhcloud-connect/overview;
/pt/guides/network/ovhcloud-connect/resilient-architecture /pt/guides/network/ovhcloud-connect/overview;

# Backup Agent - Bare Metal recovery guide folded into the new "Triggering
# restores" guide (backup-agent/restore), which now covers both file-level
# restore (FLR) and full-server Bare Metal Recovery.
/en/guides/storage-and-backup/backup-and-disaster-recovery-solutions/veeam/agent-bare-metal-recovery /en/guides/storage-and-backup/backup-agent/restore;
/fr/guides/storage-and-backup/backup-and-disaster-recovery-solutions/veeam/agent-bare-metal-recovery /fr/guides/storage-and-backup/backup-agent/restore;
/de/guides/storage-and-backup/backup-and-disaster-recovery-solutions/veeam/agent-bare-metal-recovery /de/guides/storage-and-backup/backup-agent/restore;
/es/guides/storage-and-backup/backup-and-disaster-recovery-solutions/veeam/agent-bare-metal-recovery /es/guides/storage-and-backup/backup-agent/restore;
/it/guides/storage-and-backup/backup-and-disaster-recovery-solutions/veeam/agent-bare-metal-recovery /it/guides/storage-and-backup/backup-agent/restore;
/pl/guides/storage-and-backup/backup-and-disaster-recovery-solutions/veeam/agent-bare-metal-recovery /pl/guides/storage-and-backup/backup-agent/restore;
/pt/guides/storage-and-backup/backup-and-disaster-recovery-solutions/veeam/agent-bare-metal-recovery /pt/guides/storage-and-backup/backup-agent/restore;

# Exchange Thunderbird for Windows — slug aligned with sibling how-to-configure-* guides
/en/guides/web-cloud/email-and-collaborative-solutions/microsoft-exchange/thunderbird-windows-configuration /en/guides/web-cloud/email-and-collaborative-solutions/microsoft-exchange/how-to-configure-thunderbird-windows;
/fr/guides/web-cloud/email-and-collaborative-solutions/microsoft-exchange/thunderbird-windows-configuration /fr/guides/web-cloud/email-and-collaborative-solutions/microsoft-exchange/how-to-configure-thunderbird-windows;
/de/guides/web-cloud/email-and-collaborative-solutions/microsoft-exchange/thunderbird-windows-configuration /de/guides/web-cloud/email-and-collaborative-solutions/microsoft-exchange/how-to-configure-thunderbird-windows;
/es/guides/web-cloud/email-and-collaborative-solutions/microsoft-exchange/thunderbird-windows-configuration /es/guides/web-cloud/email-and-collaborative-solutions/microsoft-exchange/how-to-configure-thunderbird-windows;
/it/guides/web-cloud/email-and-collaborative-solutions/microsoft-exchange/thunderbird-windows-configuration /it/guides/web-cloud/email-and-collaborative-solutions/microsoft-exchange/how-to-configure-thunderbird-windows;
/pl/guides/web-cloud/email-and-collaborative-solutions/microsoft-exchange/thunderbird-windows-configuration /pl/guides/web-cloud/email-and-collaborative-solutions/microsoft-exchange/how-to-configure-thunderbird-windows;
/pt/guides/web-cloud/email-and-collaborative-solutions/microsoft-exchange/thunderbird-windows-configuration /pt/guides/web-cloud/email-and-collaborative-solutions/microsoft-exchange/how-to-configure-thunderbird-windows;

# Obsolete pages
/en/guides/hosted-private-cloud/powered-by-vmware/connect-to-ovh-api /en/guides/manage-and-operate/api/first-steps;
/fr/guides/hosted-private-cloud/powered-by-vmware/connect-to-ovh-api /fr/guides/manage-and-operate/api/first-steps;
/de/guides/hosted-private-cloud/powered-by-vmware/connect-to-ovh-api /de/guides/manage-and-operate/api/first-steps;
/es/guides/hosted-private-cloud/powered-by-vmware/connect-to-ovh-api /es/guides/manage-and-operate/api/first-steps;
/it/guides/hosted-private-cloud/powered-by-vmware/connect-to-ovh-api /it/guides/manage-and-operate/api/first-steps;
/pl/guides/hosted-private-cloud/powered-by-vmware/connect-to-ovh-api /pl/guides/manage-and-operate/api/first-steps;
/pt/guides/hosted-private-cloud/powered-by-vmware/connect-to-ovh-api /pt/guides/manage-and-operate/api/first-steps;
/en/guides/hosted-private-cloud/powered-by-vmware/use-sslv3-protocol /en/guides/hosted-private-cloud/powered-by-vmware/overview;
/fr/guides/hosted-private-cloud/powered-by-vmware/use-sslv3-protocol /fr/guides/hosted-private-cloud/powered-by-vmware/overview;
/de/guides/hosted-private-cloud/powered-by-vmware/use-sslv3-protocol /de/guides/hosted-private-cloud/powered-by-vmware/overview;
/es/guides/hosted-private-cloud/powered-by-vmware/use-sslv3-protocol /es/guides/hosted-private-cloud/powered-by-vmware/overview;
/it/guides/hosted-private-cloud/powered-by-vmware/use-sslv3-protocol /it/guides/hosted-private-cloud/powered-by-vmware/overview;
/pl/guides/hosted-private-cloud/powered-by-vmware/use-sslv3-protocol /pl/guides/hosted-private-cloud/powered-by-vmware/overview;
/pt/guides/hosted-private-cloud/powered-by-vmware/use-sslv3-protocol /pt/guides/hosted-private-cloud/powered-by-vmware/overview;

# VPS overview replaced by product landing page (landing-page-vps)
/en/guides/bare-metal-cloud/virtual-private-servers/overview /en/guides/bare-metal-cloud/virtual-private-servers/landing-page-vps;
/fr/guides/bare-metal-cloud/virtual-private-servers/overview /fr/guides/bare-metal-cloud/virtual-private-servers/landing-page-vps;
/de/guides/bare-metal-cloud/virtual-private-servers/overview /de/guides/bare-metal-cloud/virtual-private-servers/landing-page-vps;
/es/guides/bare-metal-cloud/virtual-private-servers/overview /es/guides/bare-metal-cloud/virtual-private-servers/landing-page-vps;
/it/guides/bare-metal-cloud/virtual-private-servers/overview /it/guides/bare-metal-cloud/virtual-private-servers/landing-page-vps;
/pl/guides/bare-metal-cloud/virtual-private-servers/overview /pl/guides/bare-metal-cloud/virtual-private-servers/landing-page-vps;
/pt/guides/bare-metal-cloud/virtual-private-servers/overview /pt/guides/bare-metal-cloud/virtual-private-servers/landing-page-vps;
